// Jest Snapshot v1, https://goo.gl/fbAQLP

exports[`<Category /> snapshot is valid 1`] = `
Array [
  <li>
    <span>
        <img
            alt="stay"
            src="https://maps.google.com/mapfiles/ms/icons/blue.png"
        />
    </span>
    â†’ 
    Places to Stay
</li>,
]
`;
