// Jest Snapshot v1, https://goo.gl/fbAQLP

exports[`<Category /> snapshot is valid 1`] = `
<li>
  <Emoji
    emoji="🏡"
  />
  → 
  Places to Stay
</li>
`;
