// Jest Snapshot v1, https://goo.gl/fbAQLP

exports[`<Info /> renders content 1`] = `
<article
  className="Info"
>
  <p>
    Have an amiga in Antigua?  A tía in Tijuana? Couch to crash on in Colombia? Bike shop in Bolivia?
  </p>
  <h4>
    <span>
      Let
    </span>
     
    <span>
      us
    </span>
     
    <span>
      know
    </span>
    !
  </h4>
  <p>
    ↓
  </p>
</article>
`;
